Archive member included to satisfy reference by file (symbol)

c:/st/stm32cubeide_1.4.0/stm32cubeide/plugins/com.st.stm32cube.ide.mcu.externaltools.gnu-tools-for-stm32.7-2018-q2-update.win32_1.5.0.202011040924/tools/bin/../lib/gcc/arm-none-eabi/7.3.1/../../../../arm-none-eabi/lib/thumb/v7e-m/fpv4-sp/hard\libc_nano.a(lib_a-errno.o)
                              Core/Src/syscalls.o (__errno)
c:/st/stm32cubeide_1.4.0/stm32cubeide/plugins/com.st.stm32cube.ide.mcu.externaltools.gnu-tools-for-stm32.7-2018-q2-update.win32_1.5.0.202011040924/tools/bin/../lib/gcc/arm-none-eabi/7.3.1/../../../../arm-none-eabi/lib/thumb/v7e-m/fpv4-sp/hard\libc_nano.a(lib_a-exit.o)
                              c:/st/stm32cubeide_1.4.0/stm32cubeide/plugins/com.st.stm32cube.ide.mcu.externaltools.gnu-tools-for-stm32.7-2018-q2-update.win32_1.5.0.202011040924/tools/bin/../lib/gcc/arm-none-eabi/7.3.1/../../../../arm-none-eabi/lib/thumb/v7e-m/fpv4-sp/hard/crt0.o (exit)
c:/st/stm32cubeide_1.4.0/stm32cubeide/plugins/com.st.stm32cube.ide.mcu.externaltools.gnu-tools-for-stm32.7-2018-q2-update.win32_1.5.0.202011040924/tools/bin/../lib/gcc/arm-none-eabi/7.3.1/../../../../arm-none-eabi/lib/thumb/v7e-m/fpv4-sp/hard\libc_nano.a(lib_a-impure.o)
                              c:/st/stm32cubeide_1.4.0/stm32cubeide/plugins/com.st.stm32cube.ide.mcu.externaltools.gnu-tools-for-stm32.7-2018-q2-update.win32_1.5.0.202011040924/tools/bin/../lib/gcc/arm-none-eabi/7.3.1/../../../../arm-none-eabi/lib/thumb/v7e-m/fpv4-sp/hard\libc_nano.a(lib_a-exit.o) (_global_impure_ptr)
c:/st/stm32cubeide_1.4.0/stm32cubeide/plugins/com.st.stm32cube.ide.mcu.externaltools.gnu-tools-for-stm32.7-2018-q2-update.win32_1.5.0.202011040924/tools/bin/../lib/gcc/arm-none-eabi/7.3.1/../../../../arm-none-eabi/lib/thumb/v7e-m/fpv4-sp/hard\libc_nano.a(lib_a-init.o)
                              c:/st/stm32cubeide_1.4.0/stm32cubeide/plugins/com.st.stm32cube.ide.mcu.externaltools.gnu-tools-for-stm32.7-2018-q2-update.win32_1.5.0.202011040924/tools/bin/../lib/gcc/arm-none-eabi/7.3.1/../../../../arm-none-eabi/lib/thumb/v7e-m/fpv4-sp/hard/crt0.o (__libc_init_array)
c:/st/stm32cubeide_1.4.0/stm32cubeide/plugins/com.st.stm32cube.ide.mcu.externaltools.gnu-tools-for-stm32.7-2018-q2-update.win32_1.5.0.202011040924/tools/bin/../lib/gcc/arm-none-eabi/7.3.1/../../../../arm-none-eabi/lib/thumb/v7e-m/fpv4-sp/hard\libc_nano.a(lib_a-memset.o)
                              c:/st/stm32cubeide_1.4.0/stm32cubeide/plugins/com.st.stm32cube.ide.mcu.externaltools.gnu-tools-for-stm32.7-2018-q2-update.win32_1.5.0.202011040924/tools/bin/../lib/gcc/arm-none-eabi/7.3.1/../../../../arm-none-eabi/lib/thumb/v7e-m/fpv4-sp/hard/crt0.o (memset)
c:/st/stm32cubeide_1.4.0/stm32cubeide/plugins/com.st.stm32cube.ide.mcu.externaltools.gnu-tools-for-stm32.7-2018-q2-update.win32_1.5.0.202011040924/tools/bin/../lib/gcc/arm-none-eabi/7.3.1/thumb/v7e-m/fpv4-sp/hard\libgcc.a(_aeabi_uldivmod.o)
                              Drivers/STM32F4xx_HAL_Driver/Src/stm32f4xx_hal_rcc.o (__aeabi_uldivmod)
c:/st/stm32cubeide_1.4.0/stm32cubeide/plugins/com.st.stm32cube.ide.mcu.externaltools.gnu-tools-for-stm32.7-2018-q2-update.win32_1.5.0.202011040924/tools/bin/../lib/gcc/arm-none-eabi/7.3.1/thumb/v7e-m/fpv4-sp/hard\libgcc.a(_udivmoddi4.o)
                              c:/st/stm32cubeide_1.4.0/stm32cubeide/plugins/com.st.stm32cube.ide.mcu.externaltools.gnu-tools-for-stm32.7-2018-q2-update.win32_1.5.0.202011040924/tools/bin/../lib/gcc/arm-none-eabi/7.3.1/thumb/v7e-m/fpv4-sp/hard\libgcc.a(_aeabi_uldivmod.o) (__udivmoddi4)
c:/st/stm32cubeide_1.4.0/stm32cubeide/plugins/com.st.stm32cube.ide.mcu.externaltools.gnu-tools-for-stm32.7-2018-q2-update.win32_1.5.0.202011040924/tools/bin/../lib/gcc/arm-none-eabi/7.3.1/thumb/v7e-m/fpv4-sp/hard\libgcc.a(_dvmd_tls.o)
                              c:/st/stm32cubeide_1.4.0/stm32cubeide/plugins/com.st.stm32cube.ide.mcu.externaltools.gnu-tools-for-stm32.7-2018-q2-update.win32_1.5.0.202011040924/tools/bin/../lib/gcc/arm-none-eabi/7.3.1/thumb/v7e-m/fpv4-sp/hard\libgcc.a(_aeabi_uldivmod.o) (__aeabi_ldiv0)

Allocating common symbols
Common symbol       size              file

database            0xf               Core/Src/main.o
htim8               0x40              Core/Src/main.o
hdma_tim8_ch1       0x60              Core/Src/main.o
uwTick              0x4               Drivers/STM32F4xx_HAL_Driver/Src/stm32f4xx_hal.o
pFlash              0x20              Drivers/STM32F4xx_HAL_Driver/Src/stm32f4xx_hal_flash.o
buffer              0x60              Core/Src/Neopixel/neopixel.o
htim1               0x40              Core/Src/main.o
htim2               0x40              Core/Src/main.o
numbers_of_led      0x2               Core/Src/Neopixel/neopixel.o

Discarded input sections

[...]
Memory Configuration

Name             Origin             Length             Attributes
CCMRAM           0x0000000010000000 0x0000000000010000 xrw
RAM              0x0000000020000000 0x0000000000020000 xrw
FLASH            0x0000000008000000 0x0000000000100000 xr
*default*        0x0000000000000000 0xffffffffffffffff

Linker script and memory map

LOAD c:/st/stm32cubeide_1.4.0/stm32cubeide/plugins/com.st.stm32cube.ide.mcu.externaltools.gnu-tools-for-stm32.7-2018-q2-update.win32_1.5.0.202011040924/tools/bin/../lib/gcc/arm-none-eabi/7.3.1/thumb/v7e-m/fpv4-sp/hard/crti.o
LOAD c:/st/stm32cubeide_1.4.0/stm32cubeide/plugins/com.st.stm32cube.ide.mcu.externaltools.gnu-tools-for-stm32.7-2018-q2-update.win32_1.5.0.202011040924/tools/bin/../lib/gcc/arm-none-eabi/7.3.1/thumb/v7e-m/fpv4-sp/hard/crtbegin.o
LOAD c:/st/stm32cubeide_1.4.0/stm32cubeide/plugins/com.st.stm32cube.ide.mcu.externaltools.gnu-tools-for-stm32.7-2018-q2-update.win32_1.5.0.202011040924/tools/bin/../lib/gcc/arm-none-eabi/7.3.1/../../../../arm-none-eabi/lib/thumb/v7e-m/fpv4-sp/hard/crt0.o
LOAD Core/Src/Neopixel/neopixel.o
LOAD Core/Src/main.o
LOAD Core/Src/stm32f4xx_hal_msp.o
LOAD Core/Src/stm32f4xx_it.o
LOAD Core/Src/syscalls.o
LOAD Core/Src/sysmem.o
LOAD Core/Src/system_stm32f4xx.o
LOAD Core/Startup/startup_stm32f407vgtx.o
LOAD Drivers/STM32F4xx_HAL_Driver/Src/stm32f4xx_hal.o
LOAD Drivers/STM32F4xx_HAL_Driver/Src/stm32f4xx_hal_cortex.o
LOAD Drivers/STM32F4xx_HAL_Driver/Src/stm32f4xx_hal_dma.o
LOAD Drivers/STM32F4xx_HAL_Driver/Src/stm32f4xx_hal_dma_ex.o
LOAD Drivers/STM32F4xx_HAL_Driver/Src/stm32f4xx_hal_exti.o
LOAD Drivers/STM32F4xx_HAL_Driver/Src/stm32f4xx_hal_flash.o
LOAD Drivers/STM32F4xx_HAL_Driver/Src/stm32f4xx_hal_flash_ex.o
LOAD Drivers/STM32F4xx_HAL_Driver/Src/stm32f4xx_hal_flash_ramfunc.o
LOAD Drivers/STM32F4xx_HAL_Driver/Src/stm32f4xx_hal_gpio.o
LOAD Drivers/STM32F4xx_HAL_Driver/Src/stm32f4xx_hal_pwr.o
LOAD Drivers/STM32F4xx_HAL_Driver/Src/stm32f4xx_hal_pwr_ex.o
LOAD Drivers/STM32F4xx_HAL_Driver/Src/stm32f4xx_hal_rcc.o
LOAD Drivers/STM32F4xx_HAL_Driver/Src/stm32f4xx_hal_rcc_ex.o
LOAD Drivers/STM32F4xx_HAL_Driver/Src/stm32f4xx_hal_tim.o
LOAD Drivers/STM32F4xx_HAL_Driver/Src/stm32f4xx_hal_tim_ex.o
START GROUP
LOAD c:/st/stm32cubeide_1.4.0/stm32cubeide/plugins/com.st.stm32cube.ide.mcu.externaltools.gnu-tools-for-stm32.7-2018-q2-update.win32_1.5.0.202011040924/tools/bin/../lib/gcc/arm-none-eabi/7.3.1/../../../../arm-none-eabi/lib/thumb/v7e-m/fpv4-sp/hard\libc_nano.a
LOAD c:/st/stm32cubeide_1.4.0/stm32cubeide/plugins/com.st.stm32cube.ide.mcu.externaltools.gnu-tools-for-stm32.7-2018-q2-update.win32_1.5.0.202011040924/tools/bin/../lib/gcc/arm-none-eabi/7.3.1/../../../../arm-none-eabi/lib/thumb/v7e-m/fpv4-sp/hard\libm.a
END GROUP
START GROUP
LOAD c:/st/stm32cubeide_1.4.0/stm32cubeide/plugins/com.st.stm32cube.ide.mcu.externaltools.gnu-tools-for-stm32.7-2018-q2-update.win32_1.5.0.202011040924/tools/bin/../lib/gcc/arm-none-eabi/7.3.1/thumb/v7e-m/fpv4-sp/hard\libgcc.a
LOAD c:/st/stm32cubeide_1.4.0/stm32cubeide/plugins/com.st.stm32cube.ide.mcu.externaltools.gnu-tools-for-stm32.7-2018-q2-update.win32_1.5.0.202011040924/tools/bin/../lib/gcc/arm-none-eabi/7.3.1/../../../../arm-none-eabi/lib/thumb/v7e-m/fpv4-sp/hard\libc_nano.a
END GROUP
START GROUP
LOAD c:/st/stm32cubeide_1.4.0/stm32cubeide/plugins/com.st.stm32cube.ide.mcu.externaltools.gnu-tools-for-stm32.7-2018-q2-update.win32_1.5.0.202011040924/tools/bin/../lib/gcc/arm-none-eabi/7.3.1/thumb/v7e-m/fpv4-sp/hard\libgcc.a
LOAD c:/st/stm32cubeide_1.4.0/stm32cubeide/plugins/com.st.stm32cube.ide.mcu.externaltools.gnu-tools-for-stm32.7-2018-q2-update.win32_1.5.0.202011040924/tools/bin/../lib/gcc/arm-none-eabi/7.3.1/../../../../arm-none-eabi/lib/thumb/v7e-m/fpv4-sp/hard\libc_nano.a
LOAD c:/st/stm32cubeide_1.4.0/stm32cubeide/plugins/com.st.stm32cube.ide.mcu.externaltools.gnu-tools-for-stm32.7-2018-q2-update.win32_1.5.0.202011040924/tools/bin/../lib/gcc/arm-none-eabi/7.3.1/../../../../arm-none-eabi/lib/thumb/v7e-m/fpv4-sp/hard\libnosys.a
END GROUP
START GROUP
LOAD c:/st/stm32cubeide_1.4.0/stm32cubeide/plugins/com.st.stm32cube.ide.mcu.externaltools.gnu-tools-for-stm32.7-2018-q2-update.win32_1.5.0.202011040924/tools/bin/../lib/gcc/arm-none-eabi/7.3.1/thumb/v7e-m/fpv4-sp/hard\libgcc.a
LOAD c:/st/stm32cubeide_1.4.0/stm32cubeide/plugins/com.st.stm32cube.ide.mcu.externaltools.gnu-tools-for-stm32.7-2018-q2-update.win32_1.5.0.202011040924/tools/bin/../lib/gcc/arm-none-eabi/7.3.1/../../../../arm-none-eabi/lib/thumb/v7e-m/fpv4-sp/hard\libc_nano.a
LOAD c:/st/stm32cubeide_1.4.0/stm32cubeide/plugins/com.st.stm32cube.ide.mcu.externaltools.gnu-tools-for-stm32.7-2018-q2-update.win32_1.5.0.202011040924/tools/bin/../lib/gcc/arm-none-eabi/7.3.1/../../../../arm-none-eabi/lib/thumb/v7e-m/fpv4-sp/hard\libnosys.a
END GROUP
LOAD c:/st/stm32cubeide_1.4.0/stm32cubeide/plugins/com.st.stm32cube.ide.mcu.externaltools.gnu-tools-for-stm32.7-2018-q2-update.win32_1.5.0.202011040924/tools/bin/../lib/gcc/arm-none-eabi/7.3.1/thumb/v7e-m/fpv4-sp/hard/crtend.o
LOAD c:/st/stm32cubeide_1.4.0/stm32cubeide/plugins/com.st.stm32cube.ide.mcu.externaltools.gnu-tools-for-stm32.7-2018-q2-update.win32_1.5.0.202011040924/tools/bin/../lib/gcc/arm-none-eabi/7.3.1/thumb/v7e-m/fpv4-sp/hard/crtn.o
                0x0000000020020000                _estack = (ORIGIN (RAM) + LENGTH (RAM))
                0x0000000000000200                _Min_Heap_Size = 0x200
                0x0000000000000400                _Min_Stack_Size = 0x400

.isr_vector     0x0000000008000000      0x188
                0x0000000008000000                . = ALIGN (0x4)
 *(.isr_vector)
 .isr_vector    0x0000000008000000      0x188 Core/Startup/startup_stm32f407vgtx.o
                0x0000000008000000                g_pfnVectors
                0x0000000008000188                . = ALIGN (0x4)

.text           0x0000000008000188     0x3270
                0x0000000008000188                . = ALIGN (0x4)
 *(.text)
 .text          0x0000000008000188       0x40 c:/st/stm32cubeide_1.4.0/stm32cubeide/plugins/com.st.stm32cube.ide.mcu.externaltools.gnu-tools-for-stm32.7-2018-q2-update.win32_1.5.0.202011040924/tools/bin/../lib/gcc/arm-none-eabi/7.3.1/thumb/v7e-m/fpv4-sp/hard/crtbegin.o
 .text          0x00000000080001c8       0x30 c:/st/stm32cubeide_1.4.0/stm32cubeide/plugins/com.st.stm32cube.ide.mcu.externaltools.gnu-tools-for-stm32.7-2018-q2-update.win32_1.5.0.202011040924/tools/bin/../lib/gcc/arm-none-eabi/7.3.1/thumb/v7e-m/fpv4-sp/hard\libgcc.a(_aeabi_uldivmod.o)
                0x00000000080001c8                __aeabi_uldivmod
 .text          0x00000000080001f8      0x2cc c:/st/stm32cubeide_1.4.0/stm32cubeide/plugins/com.st.stm32cube.ide.mcu.externaltools.gnu-tools-for-stm32.7-2018-q2-update.win32_1.5.0.202011040924/tools/bin/../lib/gcc/arm-none-eabi/7.3.1/thumb/v7e-m/fpv4-sp/hard\libgcc.a(_udivmoddi4.o)
                0x00000000080001f8                __udivmoddi4
 .text          0x00000000080004c4        0x4 c:/st/stm32cubeide_1.4.0/stm32cubeide/plugins/com.st.stm32cube.ide.mcu.externaltools.gnu-tools-for-stm32.7-2018-q2-update.win32_1.5.0.202011040924/tools/bin/../lib/gcc/arm-none-eabi/7.3.1/thumb/v7e-m/fpv4-sp/hard\libgcc.a(_dvmd_tls.o)
                0x00000000080004c4                __aeabi_idiv0
                0x00000000080004c4                __aeabi_ldiv0
 *(.text*)
 .text.init_neopixel
                0x00000000080004c8       0x38 Core/Src/Neopixel/neopixel.o
                0x00000000080004c8                init_neopixel
 .text.render_neopixel
                0x0000000008000500       0xd0 Core/Src/Neopixel/neopixel.o
                0x0000000008000500                render_neopixel
 .text.HAL_TIM_PWM_PulseFinishedCallback
                0x00000000080005d0       0xa0 Core/Src/Neopixel/neopixel.o
                0x00000000080005d0                HAL_TIM_PWM_PulseFinishedCallback
 .text.HAL_TIM_PWM_PulseFinishedHalfCpltCallback
                0x0000000008000670       0x8c Core/Src/Neopixel/neopixel.o
                0x0000000008000670                HAL_TIM_PWM_PulseFinishedHalfCpltCallback
 .text.main     0x00000000080006fc       0x2e Core/Src/main.o
                0x00000000080006fc                main
 *fill*         0x000000000800072a        0x2 
 .text.SystemClock_Config
                0x000000000800072c       0xd4 Core/Src/main.o
                0x000000000800072c                SystemClock_Config
 .text.MX_TIM1_Init
                0x0000000008000800       0xa0 Core/Src/main.o
 .text.MX_TIM2_Init
                0x00000000080008a0       0x98 Core/Src/main.o
 .text.MX_TIM8_Init
                0x0000000008000938      0x140 Core/Src/main.o
 .text.MX_DMA_Init
                0x0000000008000a78       0x40 Core/Src/main.o
 .text.MX_GPIO_Init
                0x0000000008000ab8       0x98 Core/Src/main.o
 .text.Error_Handler
                0x0000000008000b50        0x8 Core/Src/main.o
                0x0000000008000b50                Error_Handler
 .text.HAL_MspInit
                0x0000000008000b58       0x50 Core/Src/stm32f4xx_hal_msp.o
                0x0000000008000b58                HAL_MspInit
 .text.HAL_TIM_Base_MspInit
                0x0000000008000ba8      0x100 Core/Src/stm32f4xx_hal_msp.o
                0x0000000008000ba8                HAL_TIM_Base_MspInit
 .text.HAL_TIM_MspPostInit
                0x0000000008000ca8       0x74 Core/Src/stm32f4xx_hal_msp.o
                0x0000000008000ca8                HAL_TIM_MspPostInit
 .text.NMI_Handler
                0x0000000008000d1c        0x6 Core/Src/stm32f4xx_it.o
                0x0000000008000d1c                NMI_Handler
 .text.HardFault_Handler
                0x0000000008000d22        0x6 Core/Src/stm32f4xx_it.o
                0x0000000008000d22                HardFault_Handler
 .text.MemManage_Handler
                0x0000000008000d28        0x6 Core/Src/stm32f4xx_it.o
                0x0000000008000d28                MemManage_Handler
 .text.BusFault_Handler
                0x0000000008000d2e        0x6 Core/Src/stm32f4xx_it.o
                0x0000000008000d2e                BusFault_Handler
 .text.UsageFault_Handler
                0x0000000008000d34        0x6 Core/Src/stm32f4xx_it.o
                0x0000000008000d34                UsageFault_Handler
 .text.SVC_Handler
                0x0000000008000d3a        0xe Core/Src/stm32f4xx_it.o
                0x0000000008000d3a                SVC_Handler
 .text.DebugMon_Handler
                0x0000000008000d48        0xe Core/Src/stm32f4xx_it.o
                0x0000000008000d48                DebugMon_Handler
 .text.PendSV_Handler
                0x0000000008000d56        0xe Core/Src/stm32f4xx_it.o
                0x0000000008000d56                PendSV_Handler
 .text.SysTick_Handler
                0x0000000008000d64        0xc Core/Src/stm32f4xx_it.o
                0x0000000008000d64                SysTick_Handler
 .text.DMA2_Stream2_IRQHandler
                0x0000000008000d70       0x14 Core/Src/stm32f4xx_it.o
                0x0000000008000d70                DMA2_Stream2_IRQHandler
 .text.SystemInit
                0x0000000008000d84       0x2c Core/Src/system_stm32f4xx.o
                0x0000000008000d84                SystemInit
 .text.Reset_Handler
                0x0000000008000db0       0x50 Core/Startup/startup_stm32f407vgtx.o
                0x0000000008000db0                Reset_Handler
 .text.Default_Handler
                0x0000000008000e00        0x2 Core/Startup/startup_stm32f407vgtx.o
                0x0000000008000e00                RTC_Alarm_IRQHandler
                0x0000000008000e00                HASH_RNG_IRQHandler
                0x0000000008000e00                EXTI2_IRQHandler
                0x0000000008000e00                TIM8_CC_IRQHandler
                0x0000000008000e00                TIM1_CC_IRQHandler
                0x0000000008000e00                DMA2_Stream5_IRQHandler
                0x0000000008000e00                DMA1_Stream5_IRQHandler
                0x0000000008000e00                PVD_IRQHandler
                0x0000000008000e00                SDIO_IRQHandler
                0x0000000008000e00                TAMP_STAMP_IRQHandler
                0x0000000008000e00                CAN2_RX1_IRQHandler
                0x0000000008000e00                EXTI3_IRQHandler
                0x0000000008000e00                TIM8_TRG_COM_TIM14_IRQHandler
                0x0000000008000e00                TIM1_UP_TIM10_IRQHandler
                0x0000000008000e00                TIM8_UP_TIM13_IRQHandler
                0x0000000008000e00                I2C3_ER_IRQHandler
                0x0000000008000e00                EXTI0_IRQHandler
                0x0000000008000e00                I2C2_EV_IRQHandler
                0x0000000008000e00                DMA1_Stream2_IRQHandler
                0x0000000008000e00                CAN1_RX0_IRQHandler
                0x0000000008000e00                FPU_IRQHandler
                0x0000000008000e00                OTG_HS_WKUP_IRQHandler
                0x0000000008000e00                CAN2_SCE_IRQHandler
                0x0000000008000e00                SPI1_IRQHandler
                0x0000000008000e00                TIM6_DAC_IRQHandler
                0x0000000008000e00                TIM1_BRK_TIM9_IRQHandler
                0x0000000008000e00                DCMI_IRQHandler
                0x0000000008000e00                CAN2_RX0_IRQHandler
                0x0000000008000e00                DMA2_Stream3_IRQHandler
                0x0000000008000e00                USART6_IRQHandler
                0x0000000008000e00                USART3_IRQHandler
                0x0000000008000e00                CAN1_RX1_IRQHandler
                0x0000000008000e00                UART5_IRQHandler
                0x0000000008000e00                DMA2_Stream0_IRQHandler
                0x0000000008000e00                TIM4_IRQHandler
                0x0000000008000e00                I2C1_EV_IRQHandler
                0x0000000008000e00                DMA1_Stream6_IRQHandler
                0x0000000008000e00                DMA1_Stream1_IRQHandler
                0x0000000008000e00                UART4_IRQHandler
                0x0000000008000e00                TIM3_IRQHandler
                0x0000000008000e00                RCC_IRQHandler
                0x0000000008000e00                TIM8_BRK_TIM12_IRQHandler
                0x0000000008000e00                Default_Handler
                0x0000000008000e00                EXTI15_10_IRQHandler
                0x0000000008000e00                ADC_IRQHandler
                0x0000000008000e00                DMA1_Stream7_IRQHandler
                0x0000000008000e00                TIM7_IRQHandler
                0x0000000008000e00                CAN2_TX_IRQHandler
                0x0000000008000e00                TIM5_IRQHandler
                0x0000000008000e00                DMA2_Stream7_IRQHandler
                0x0000000008000e00                I2C3_EV_IRQHandler
                0x0000000008000e00                EXTI9_5_IRQHandler
                0x0000000008000e00                RTC_WKUP_IRQHandler
                0x0000000008000e00                ETH_WKUP_IRQHandler
                0x0000000008000e00                SPI2_IRQHandler
                0x0000000008000e00                OTG_HS_EP1_IN_IRQHandler
                0x0000000008000e00                DMA1_Stream0_IRQHandler
                0x0000000008000e00                CAN1_TX_IRQHandler
                0x0000000008000e00                EXTI4_IRQHandler
                0x0000000008000e00                FSMC_IRQHandler
                0x0000000008000e00                ETH_IRQHandler
                0x0000000008000e00                OTG_HS_EP1_OUT_IRQHandler
                0x0000000008000e00                WWDG_IRQHandler
                0x0000000008000e00                TIM2_IRQHandler
                0x0000000008000e00                OTG_FS_WKUP_IRQHandler
                0x0000000008000e00                TIM1_TRG_COM_TIM11_IRQHandler
                0x0000000008000e00                OTG_HS_IRQHandler
                0x0000000008000e00                EXTI1_IRQHandler
                0x0000000008000e00                USART2_IRQHandler
                0x0000000008000e00                I2C2_ER_IRQHandler
                0x0000000008000e00                DMA2_Stream1_IRQHandler
                0x0000000008000e00                CAN1_SCE_IRQHandler
                0x0000000008000e00                FLASH_IRQHandler
                0x0000000008000e00                DMA2_Stream4_IRQHandler
                0x0000000008000e00                USART1_IRQHandler
                0x0000000008000e00                OTG_FS_IRQHandler
                0x0000000008000e00                SPI3_IRQHandler
                0x0000000008000e00                DMA1_Stream4_IRQHandler
                0x0000000008000e00                I2C1_ER_IRQHandler
                0x0000000008000e00                DMA2_Stream6_IRQHandler
                0x0000000008000e00                DMA1_Stream3_IRQHandler
 *fill*         0x0000000008000e02        0x2 
 .text.HAL_Init
                0x0000000008000e04       0x44 Drivers/STM32F4xx_HAL_Driver/Src/stm32f4xx_hal.o
                0x0000000008000e04                HAL_Init
 .text.HAL_InitTick
                0x0000000008000e48       0x60 Drivers/STM32F4xx_HAL_Driver/Src/stm32f4xx_hal.o
                0x0000000008000e48                HAL_InitTick
 .text.HAL_IncTick
                0x0000000008000ea8       0x28 Drivers/STM32F4xx_HAL_Driver/Src/stm32f4xx_hal.o
                0x0000000008000ea8                HAL_IncTick
 .text.HAL_GetTick
                0x0000000008000ed0       0x18 Drivers/STM32F4xx_HAL_Driver/Src/stm32f4xx_hal.o
                0x0000000008000ed0                HAL_GetTick
 .text.__NVIC_SetPriorityGrouping
                0x0000000008000ee8       0x48 Drivers/STM32F4xx_HAL_Driver/Src/stm32f4xx_hal_cortex.o
 .text.__NVIC_GetPriorityGrouping
                0x0000000008000f30       0x1c Drivers/STM32F4xx_HAL_Driver/Src/stm32f4xx_hal_cortex.o
 .text.__NVIC_EnableIRQ
                0x0000000008000f4c       0x3c Drivers/STM32F4xx_HAL_Driver/Src/stm32f4xx_hal_cortex.o
 .text.__NVIC_SetPriority
                0x0000000008000f88       0x54 Drivers/STM32F4xx_HAL_Driver/Src/stm32f4xx_hal_cortex.o
 .text.NVIC_EncodePriority
                0x0000000008000fdc       0x66 Drivers/STM32F4xx_HAL_Driver/Src/stm32f4xx_hal_cortex.o
 *fill*         0x0000000008001042        0x2 
 .text.SysTick_Config
                0x0000000008001044       0x44 Drivers/STM32F4xx_HAL_Driver/Src/stm32f4xx_hal_cortex.o
 .text.HAL_NVIC_SetPriorityGrouping
                0x0000000008001088       0x16 Drivers/STM32F4xx_HAL_Driver/Src/stm32f4xx_hal_cortex.o
                0x0000000008001088                HAL_NVIC_SetPriorityGrouping
 .text.HAL_NVIC_SetPriority
                0x000000000800109e       0x38 Drivers/STM32F4xx_HAL_Driver/Src/stm32f4xx_hal_cortex.o
                0x000000000800109e                HAL_NVIC_SetPriority
 .text.HAL_NVIC_EnableIRQ
                0x00000000080010d6       0x1c Drivers/STM32F4xx_HAL_Driver/Src/stm32f4xx_hal_cortex.o
                0x00000000080010d6                HAL_NVIC_EnableIRQ
 .text.HAL_SYSTICK_Config
                0x00000000080010f2       0x18 Drivers/STM32F4xx_HAL_Driver/Src/stm32f4xx_hal_cortex.o
                0x00000000080010f2                HAL_SYSTICK_Config
 *fill*         0x000000000800110a        0x2 
 .text.HAL_DMA_Init
                0x000000000800110c      0x15c Drivers/STM32F4xx_HAL_Driver/Src/stm32f4xx_hal_dma.o
                0x000000000800110c                HAL_DMA_Init
 .text.HAL_DMA_Start_IT
                0x0000000008001268       0xb0 Drivers/STM32F4xx_HAL_Driver/Src/stm32f4xx_hal_dma.o
                0x0000000008001268                HAL_DMA_Start_IT
 .text.HAL_DMA_Abort_IT
                0x0000000008001318       0x44 Drivers/STM32F4xx_HAL_Driver/Src/stm32f4xx_hal_dma.o
                0x0000000008001318                HAL_DMA_Abort_IT
 .text.HAL_DMA_IRQHandler
                0x000000000800135c      0x314 Drivers/STM32F4xx_HAL_Driver/Src/stm32f4xx_hal_dma.o
                0x000000000800135c                HAL_DMA_IRQHandler
 .text.DMA_SetConfig
                0x0000000008001670       0x5c Drivers/STM32F4xx_HAL_Driver/Src/stm32f4xx_hal_dma.o
 .text.DMA_CalcBaseAndBitshift
                0x00000000080016cc       0x6c Drivers/STM32F4xx_HAL_Driver/Src/stm32f4xx_hal_dma.o
 .text.DMA_CheckFifoParam
                0x0000000008001738       0xf4 Drivers/STM32F4xx_HAL_Driver/Src/stm32f4xx_hal_dma.o
 .text.HAL_GPIO_Init
                0x000000000800182c      0x334 Drivers/STM32F4xx_HAL_Driver/Src/stm32f4xx_hal_gpio.o
                0x000000000800182c                HAL_GPIO_Init
 .text.HAL_RCC_OscConfig
                0x0000000008001b60      0x4e0 Drivers/STM32F4xx_HAL_Driver/Src/stm32f4xx_hal_rcc.o
                0x0000000008001b60                HAL_RCC_OscConfig
 .text.HAL_RCC_ClockConfig
                0x0000000008002040      0x1cc Drivers/STM32F4xx_HAL_Driver/Src/stm32f4xx_hal_rcc.o
                0x0000000008002040                HAL_RCC_ClockConfig
 .text.HAL_RCC_GetSysClockFreq
                0x000000000800220c      0x164 Drivers/STM32F4xx_HAL_Driver/Src/stm32f4xx_hal_rcc.o
                0x000000000800220c                HAL_RCC_GetSysClockFreq
 .text.HAL_TIM_Base_Init
                0x0000000008002370       0x56 Drivers/STM32F4xx_HAL_Driver/Src/stm32f4xx_hal_tim.o
                0x0000000008002370                HAL_TIM_Base_Init
 .text.HAL_TIM_PWM_Init
                0x00000000080023c6       0x56 Drivers/STM32F4xx_HAL_Driver/Src/stm32f4xx_hal_tim.o
                0x00000000080023c6                HAL_TIM_PWM_Init
 .text.HAL_TIM_PWM_MspInit
                0x000000000800241c       0x14 Drivers/STM32F4xx_HAL_Driver/Src/stm32f4xx_hal_tim.o
                0x000000000800241c                HAL_TIM_PWM_MspInit
 .text.HAL_TIM_PWM_Start_DMA
                0x0000000008002430      0x224 Drivers/STM32F4xx_HAL_Driver/Src/stm32f4xx_hal_tim.o
                0x0000000008002430                HAL_TIM_PWM_Start_DMA
 .text.HAL_TIM_PWM_Stop_DMA
                0x0000000008002654      0x164 Drivers/STM32F4xx_HAL_Driver/Src/stm32f4xx_hal_tim.o
                0x0000000008002654                HAL_TIM_PWM_Stop_DMA
 .text.HAL_TIM_PWM_ConfigChannel
                0x00000000080027b8      0x18c Drivers/STM32F4xx_HAL_Driver/Src/stm32f4xx_hal_tim.o
                0x00000000080027b8                HAL_TIM_PWM_ConfigChannel
 .text.HAL_TIM_ConfigClockSource
                0x0000000008002944      0x16e Drivers/STM32F4xx_HAL_Driver/Src/stm32f4xx_hal_tim.o
                0x0000000008002944                HAL_TIM_ConfigClockSource
 .text.HAL_TIM_ErrorCallback
                0x0000000008002ab2       0x14 Drivers/STM32F4xx_HAL_Driver/Src/stm32f4xx_hal_tim.o
                0x0000000008002ab2                HAL_TIM_ErrorCallback
 .text.TIM_DMAError
                0x0000000008002ac6       0x24 Drivers/STM32F4xx_HAL_Driver/Src/stm32f4xx_hal_tim.o
                0x0000000008002ac6                TIM_DMAError
 .text.TIM_DMADelayPulseCplt
                0x0000000008002aea       0x70 Drivers/STM32F4xx_HAL_Driver/Src/stm32f4xx_hal_tim.o
                0x0000000008002aea                TIM_DMADelayPulseCplt
 .text.TIM_DMADelayPulseHalfCplt
                0x0000000008002b5a       0x70 Drivers/STM32F4xx_HAL_Driver/Src/stm32f4xx_hal_tim.o
                0x0000000008002b5a                TIM_DMADelayPulseHalfCplt
 *fill*         0x0000000008002bca        0x2 
 .text.TIM_Base_SetConfig
                0x0000000008002bcc      0x140 Drivers/STM32F4xx_HAL_Driver/Src/stm32f4xx_hal_tim.o
                0x0000000008002bcc                TIM_Base_SetConfig
 .text.TIM_OC1_SetConfig
                0x0000000008002d0c       0xe0 Drivers/STM32F4xx_HAL_Driver/Src/stm32f4xx_hal_tim.o
 .text.TIM_OC2_SetConfig
                0x0000000008002dec       0xec Drivers/STM32F4xx_HAL_Driver/Src/stm32f4xx_hal_tim.o
                0x0000000008002dec                TIM_OC2_SetConfig
 .text.TIM_OC3_SetConfig
                0x0000000008002ed8       0xe8 Drivers/STM32F4xx_HAL_Driver/Src/stm32f4xx_hal_tim.o
 .text.TIM_OC4_SetConfig
                0x0000000008002fc0       0xac Drivers/STM32F4xx_HAL_Driver/Src/stm32f4xx_hal_tim.o
 .text.TIM_TI1_ConfigInputStage
                0x000000000800306c       0x5e Drivers/STM32F4xx_HAL_Driver/Src/stm32f4xx_hal_tim.o
 .text.TIM_TI2_ConfigInputStage
                0x00000000080030ca       0x60 Drivers/STM32F4xx_HAL_Driver/Src/stm32f4xx_hal_tim.o
 .text.TIM_ITRx_SetConfig
                0x000000000800312a       0x36 Drivers/STM32F4xx_HAL_Driver/Src/stm32f4xx_hal_tim.o
 .text.TIM_ETR_SetConfig
                0x0000000008003160       0x40 Drivers/STM32F4xx_HAL_Driver/Src/stm32f4xx_hal_tim.o
                0x0000000008003160                TIM_ETR_SetConfig
 .text.TIM_CCxChannelCmd
                0x00000000080031a0       0x4a Drivers/STM32F4xx_HAL_Driver/Src/stm32f4xx_hal_tim.o
                0x00000000080031a0                TIM_CCxChannelCmd
 *fill*         0x00000000080031ea        0x2 
 .text.HAL_TIMEx_MasterConfigSynchronization
                0x00000000080031ec       0xf8 Drivers/STM32F4xx_HAL_Driver/Src/stm32f4xx_hal_tim_ex.o
                0x00000000080031ec                HAL_TIMEx_MasterConfigSynchronization
 .text.HAL_TIMEx_ConfigBreakDeadTime
                0x00000000080032e4       0xa4 Drivers/STM32F4xx_HAL_Driver/Src/stm32f4xx_hal_tim_ex.o
                0x00000000080032e4                HAL_TIMEx_ConfigBreakDeadTime
 .text.__libc_init_array
                0x0000000008003388       0x48 c:/st/stm32cubeide_1.4.0/stm32cubeide/plugins/com.st.stm32cube.ide.mcu.externaltools.gnu-tools-for-stm32.7-2018-q2-update.win32_1.5.0.202011040924/tools/bin/../lib/gcc/arm-none-eabi/7.3.1/../../../../arm-none-eabi/lib/thumb/v7e-m/fpv4-sp/hard\libc_nano.a(lib_a-init.o)
                0x0000000008003388                __libc_init_array
 .text.memset   0x00000000080033d0       0x10 c:/st/stm32cubeide_1.4.0/stm32cubeide/plugins/com.st.stm32cube.ide.mcu.externaltools.gnu-tools-for-stm32.7-2018-q2-update.win32_1.5.0.202011040924/tools/bin/../lib/gcc/arm-none-eabi/7.3.1/../../../../arm-none-eabi/lib/thumb/v7e-m/fpv4-sp/hard\libc_nano.a(lib_a-memset.o)
                0x00000000080033d0                memset
 *(.glue_7)
 .glue_7        0x00000000080033e0        0x0 linker stubs
 *(.glue_7t)
 .glue_7t       0x00000000080033e0        0x0 linker stubs
 *(.eh_frame)
 .eh_frame      0x00000000080033e0        0x0 c:/st/stm32cubeide_1.4.0/stm32cubeide/plugins/com.st.stm32cube.ide.mcu.externaltools.gnu-tools-for-stm32.7-2018-q2-update.win32_1.5.0.202011040924/tools/bin/../lib/gcc/arm-none-eabi/7.3.1/thumb/v7e-m/fpv4-sp/hard/crtbegin.o
 *(.init)
 .init          0x00000000080033e0        0x4 c:/st/stm32cubeide_1.4.0/stm32cubeide/plugins/com.st.stm32cube.ide.mcu.externaltools.gnu-tools-for-stm32.7-2018-q2-update.win32_1.5.0.202011040924/tools/bin/../lib/gcc/arm-none-eabi/7.3.1/thumb/v7e-m/fpv4-sp/hard/crti.o
                0x00000000080033e0                _init
 .init          0x00000000080033e4        0x8 c:/st/stm32cubeide_1.4.0/stm32cubeide/plugins/com.st.stm32cube.ide.mcu.externaltools.gnu-tools-for-stm32.7-2018-q2-update.win32_1.5.0.202011040924/tools/bin/../lib/gcc/arm-none-eabi/7.3.1/thumb/v7e-m/fpv4-sp/hard/crtn.o
 *(.fini)
 .fini          0x00000000080033ec        0x4 c:/st/stm32cubeide_1.4.0/stm32cubeide/plugins/com.st.stm32cube.ide.mcu.externaltools.gnu-tools-for-stm32.7-2018-q2-update.win32_1.5.0.202011040924/tools/bin/../lib/gcc/arm-none-eabi/7.3.1/thumb/v7e-m/fpv4-sp/hard/crti.o
                0x00000000080033ec                _fini
 .fini          0x00000000080033f0        0x8 c:/st/stm32cubeide_1.4.0/stm32cubeide/plugins/com.st.stm32cube.ide.mcu.externaltools.gnu-tools-for-stm32.7-2018-q2-update.win32_1.5.0.202011040924/tools/bin/../lib/gcc/arm-none-eabi/7.3.1/thumb/v7e-m/fpv4-sp/hard/crtn.o
                0x00000000080033f8                . = ALIGN (0x4)
                0x00000000080033f8                _etext = .

.vfp11_veneer   0x00000000080033f8        0x0
 .vfp11_veneer  0x00000000080033f8        0x0 linker stubs

.v4_bx          0x00000000080033f8        0x0
 .v4_bx         0x00000000080033f8        0x0 linker stubs

.iplt           0x00000000080033f8        0x0
 .iplt          0x00000000080033f8        0x0 c:/st/stm32cubeide_1.4.0/stm32cubeide/plugins/com.st.stm32cube.ide.mcu.externaltools.gnu-tools-for-stm32.7-2018-q2-update.win32_1.5.0.202011040924/tools/bin/../lib/gcc/arm-none-eabi/7.3.1/thumb/v7e-m/fpv4-sp/hard/crtbegin.o

.rodata         0x00000000080033f8       0x18
                0x00000000080033f8                . = ALIGN (0x4)
 *(.rodata)
 *(.rodata*)
 .rodata.AHBPrescTable
                0x00000000080033f8       0x10 Core/Src/system_stm32f4xx.o
                0x00000000080033f8                AHBPrescTable
 .rodata.flagBitshiftOffset.7991
                0x0000000008003408        0x8 Drivers/STM32F4xx_HAL_Driver/Src/stm32f4xx_hal_dma.o
                0x0000000008003410                . = ALIGN (0x4)

.ARM.extab      0x0000000008003410        0x0
                0x0000000008003410                . = ALIGN (0x4)
 *(.ARM.extab* .gnu.linkonce.armextab.*)
                0x0000000008003410                . = ALIGN (0x4)

.ARM            0x0000000008003410        0x8
                0x0000000008003410                . = ALIGN (0x4)
                0x0000000008003410                __exidx_start = .
 *(.ARM.exidx*)
 .ARM.exidx     0x0000000008003410        0x8 c:/st/stm32cubeide_1.4.0/stm32cubeide/plugins/com.st.stm32cube.ide.mcu.externaltools.gnu-tools-for-stm32.7-2018-q2-update.win32_1.5.0.202011040924/tools/bin/../lib/gcc/arm-none-eabi/7.3.1/thumb/v7e-m/fpv4-sp/hard\libgcc.a(_udivmoddi4.o)
                0x0000000008003418                __exidx_end = .
                0x0000000008003418                . = ALIGN (0x4)

.rel.dyn        0x0000000008003418        0x0
 .rel.iplt      0x0000000008003418        0x0 c:/st/stm32cubeide_1.4.0/stm32cubeide/plugins/com.st.stm32cube.ide.mcu.externaltools.gnu-tools-for-stm32.7-2018-q2-update.win32_1.5.0.202011040924/tools/bin/../lib/gcc/arm-none-eabi/7.3.1/thumb/v7e-m/fpv4-sp/hard/crtbegin.o

.preinit_array  0x0000000008003418        0x0
                0x0000000008003418                . = ALIGN (0x4)
                0x0000000008003418                PROVIDE (__preinit_array_start = .)
 *(.preinit_array*)
                0x0000000008003418                PROVIDE (__preinit_array_end = .)
                0x0000000008003418                . = ALIGN (0x4)

.init_array     0x0000000008003418        0x4
                0x0000000008003418                . = ALIGN (0x4)
                0x0000000008003418                PROVIDE (__init_array_start = .)
 *(SORT_BY_NAME(.init_array.*))
 *(.init_array*)
 .init_array    0x0000000008003418        0x4 c:/st/stm32cubeide_1.4.0/stm32cubeide/plugins/com.st.stm32cube.ide.mcu.externaltools.gnu-tools-for-stm32.7-2018-q2-update.win32_1.5.0.202011040924/tools/bin/../lib/gcc/arm-none-eabi/7.3.1/thumb/v7e-m/fpv4-sp/hard/crtbegin.o
                0x000000000800341c                PROVIDE (__init_array_end = .)
                0x000000000800341c                . = ALIGN (0x4)

.fini_array     0x000000000800341c        0x4
                0x000000000800341c                . = ALIGN (0x4)
                [!provide]                        PROVIDE (__fini_array_start = .)
 *(SORT_BY_NAME(.fini_array.*))
 *(.fini_array*)
 .fini_array    0x000000000800341c        0x4 c:/st/stm32cubeide_1.4.0/stm32cubeide/plugins/com.st.stm32cube.ide.mcu.externaltools.gnu-tools-for-stm32.7-2018-q2-update.win32_1.5.0.202011040924/tools/bin/../lib/gcc/arm-none-eabi/7.3.1/thumb/v7e-m/fpv4-sp/hard/crtbegin.o
                [!provide]                        PROVIDE (__fini_array_end = .)
                0x0000000008003420                . = ALIGN (0x4)
                0x0000000008003420                _sidata = LOADADDR (.data)

.data           0x0000000020000000       0x70 load address 0x0000000008003420
                0x0000000020000000                . = ALIGN (0x4)
                0x0000000020000000                _sdata = .
 *(.data)
 *(.data*)
 .data.RWL      0x0000000020000000       0x64 Core/Src/Neopixel/neopixel.o
                0x0000000020000000                RWL
 .data.SystemCoreClock
                0x0000000020000064        0x4 Core/Src/system_stm32f4xx.o
                0x0000000020000064                SystemCoreClock
 .data.uwTickPrio
                0x0000000020000068        0x4 Drivers/STM32F4xx_HAL_Driver/Src/stm32f4xx_hal.o
                0x0000000020000068                uwTickPrio
 .data.uwTickFreq
                0x000000002000006c        0x1 Drivers/STM32F4xx_HAL_Driver/Src/stm32f4xx_hal.o
                0x000000002000006c                uwTickFreq
 *(.RamFunc)
 *(.RamFunc*)
                0x0000000020000070                . = ALIGN (0x4)
 *fill*         0x000000002000006d        0x3 
                0x0000000020000070                _edata = .

.igot.plt       0x0000000020000070        0x0 load address 0x0000000008003490
 .igot.plt      0x0000000020000070        0x0 c:/st/stm32cubeide_1.4.0/stm32cubeide/plugins/com.st.stm32cube.ide.mcu.externaltools.gnu-tools-for-stm32.7-2018-q2-update.win32_1.5.0.202011040924/tools/bin/../lib/gcc/arm-none-eabi/7.3.1/thumb/v7e-m/fpv4-sp/hard/crtbegin.o
                0x0000000020000070                . = ALIGN (0x4)

.bss            0x0000000020000070      0x1b8 load address 0x0000000008003490
                0x0000000020000070                _sbss = .
                0x0000000020000070                __bss_start__ = _sbss
 *(.bss)
 .bss           0x0000000020000070       0x1c c:/st/stm32cubeide_1.4.0/stm32cubeide/plugins/com.st.stm32cube.ide.mcu.externaltools.gnu-tools-for-stm32.7-2018-q2-update.win32_1.5.0.202011040924/tools/bin/../lib/gcc/arm-none-eabi/7.3.1/thumb/v7e-m/fpv4-sp/hard/crtbegin.o
 *(.bss*)
 .bss.type_of_led
                0x000000002000008c        0x1 Core/Src/Neopixel/neopixel.o
                0x000000002000008c                type_of_led
 .bss.modeled   0x000000002000008d        0x1 Core/Src/Neopixel/neopixel.o
                0x000000002000008d                modeled
 .bss.present_led_counting
                0x000000002000008e        0x1 Core/Src/Neopixel/neopixel.o
                0x000000002000008e                present_led_counting
 *(COMMON)
 *fill*         0x000000002000008f        0x1 
 COMMON         0x0000000020000090       0x62 Core/Src/Neopixel/neopixel.o
                0x0000000020000090                buffer
                0x00000000200000f0                numbers_of_led
 *fill*         0x00000000200000f2        0x2 
 COMMON         0x00000000200000f4      0x130 Core/Src/main.o
                0x00000000200000f4                database
                0x0000000020000104                htim8
                0x0000000020000144                hdma_tim8_ch1
                0x00000000200001a4                htim1
                0x00000000200001e4                htim2
 COMMON         0x0000000020000224        0x4 Drivers/STM32F4xx_HAL_Driver/Src/stm32f4xx_hal.o
                0x0000000020000224                uwTick
                0x0000000020000228                . = ALIGN (0x4)
                0x0000000020000228                _ebss = .
                0x0000000020000228                __bss_end__ = _ebss

._user_heap_stack
                0x0000000020000228      0x600 load address 0x0000000008003490
                0x0000000020000228                . = ALIGN (0x8)
                [!provide]                        PROVIDE (end = .)
                0x0000000020000228                PROVIDE (_end = .)
                0x0000000020000428                . = (. + _Min_Heap_Size)
 *fill*         0x0000000020000228      0x200 
                0x0000000020000828                . = (. + _Min_Stack_Size)
 *fill*         0x0000000020000428      0x400 
                0x0000000020000828                . = ALIGN (0x8)

/DISCARD/
 libc.a(*)
 libm.a(*)
 libgcc.a(*)

.ARM.attributes
                0x0000000000000000       0x30
 *(.ARM.attributes)
 .ARM.attributes
                0x0000000000000000       0x22 c:/st/stm32cubeide_1.4.0/stm32cubeide/plugins/com.st.stm32cube.ide.mcu.externaltools.gnu-tools-for-stm32.7-2018-q2-update.win32_1.5.0.202011040924/tools/bin/../lib/gcc/arm-none-eabi/7.3.1/thumb/v7e-m/fpv4-sp/hard/crti.o
 .ARM.attributes
                0x0000000000000022       0x34 c:/st/stm32cubeide_1.4.0/stm32cubeide/plugins/com.st.stm32cube.ide.mcu.externaltools.gnu-tools-for-stm32.7-2018-q2-update.win32_1.5.0.202011040924/tools/bin/../lib/gcc/arm-none-eabi/7.3.1/thumb/v7e-m/fpv4-sp/hard/crtbegin.o
 .ARM.attributes
                0x0000000000000056       0x39 Core/Src/Neopixel/neopixel.o
 .ARM.attributes
                0x000000000000008f       0x39 Core/Src/main.o
 .ARM.attributes
                0x00000000000000c8       0x39 Core/Src/stm32f4xx_hal_msp.o
 .ARM.attributes
                0x0000000000000101       0x39 Core/Src/stm32f4xx_it.o
 .ARM.attributes
                0x000000000000013a       0x39 Core/Src/system_stm32f4xx.o
 .ARM.attributes
                0x0000000000000173       0x21 Core/Startup/startup_stm32f407vgtx.o
 .ARM.attributes
                0x0000000000000194       0x39 Drivers/STM32F4xx_HAL_Driver/Src/stm32f4xx_hal.o
 .ARM.attributes
                0x00000000000001cd       0x39 Drivers/STM32F4xx_HAL_Driver/Src/stm32f4xx_hal_cortex.o
 .ARM.attributes
                0x0000000000000206       0x39 Drivers/STM32F4xx_HAL_Driver/Src/stm32f4xx_hal_dma.o
 .ARM.attributes
                0x000000000000023f       0x39 Drivers/STM32F4xx_HAL_Driver/Src/stm32f4xx_hal_gpio.o
 .ARM.attributes
                0x0000000000000278       0x39 Drivers/STM32F4xx_HAL_Driver/Src/stm32f4xx_hal_rcc.o
 .ARM.attributes
                0x00000000000002b1       0x39 Drivers/STM32F4xx_HAL_Driver/Src/stm32f4xx_hal_tim.o
 .ARM.attributes
                0x00000000000002ea       0x39 Drivers/STM32F4xx_HAL_Driver/Src/stm32f4xx_hal_tim_ex.o
 .ARM.attributes
                0x0000000000000323       0x34 c:/st/stm32cubeide_1.4.0/stm32cubeide/plugins/com.st.stm32cube.ide.mcu.externaltools.gnu-tools-for-stm32.7-2018-q2-update.win32_1.5.0.202011040924/tools/bin/../lib/gcc/arm-none-eabi/7.3.1/../../../../arm-none-eabi/lib/thumb/v7e-m/fpv4-sp/hard\libc_nano.a(lib_a-init.o)
 .ARM.attributes
                0x0000000000000357       0x34 c:/st/stm32cubeide_1.4.0/stm32cubeide/plugins/com.st.stm32cube.ide.mcu.externaltools.gnu-tools-for-stm32.7-2018-q2-update.win32_1.5.0.202011040924/tools/bin/../lib/gcc/arm-none-eabi/7.3.1/../../../../arm-none-eabi/lib/thumb/v7e-m/fpv4-sp/hard\libc_nano.a(lib_a-memset.o)
 .ARM.attributes
                0x000000000000038b       0x22 c:/st/stm32cubeide_1.4.0/stm32cubeide/plugins/com.st.stm32cube.ide.mcu.externaltools.gnu-tools-for-stm32.7-2018-q2-update.win32_1.5.0.202011040924/tools/bin/../lib/gcc/arm-none-eabi/7.3.1/thumb/v7e-m/fpv4-sp/hard\libgcc.a(_aeabi_uldivmod.o)
 .ARM.attributes
                0x00000000000003ad       0x34 c:/st/stm32cubeide_1.4.0/stm32cubeide/plugins/com.st.stm32cube.ide.mcu.externaltools.gnu-tools-for-stm32.7-2018-q2-update.win32_1.5.0.202011040924/tools/bin/../lib/gcc/arm-none-eabi/7.3.1/thumb/v7e-m/fpv4-sp/hard\libgcc.a(_udivmoddi4.o)
 .ARM.attributes
                0x00000000000003e1       0x22 c:/st/stm32cubeide_1.4.0/stm32cubeide/plugins/com.st.stm32cube.ide.mcu.externaltools.gnu-tools-for-stm32.7-2018-q2-update.win32_1.5.0.202011040924/tools/bin/../lib/gcc/arm-none-eabi/7.3.1/thumb/v7e-m/fpv4-sp/hard\libgcc.a(_dvmd_tls.o)
 .ARM.attributes
                0x0000000000000403       0x22 c:/st/stm32cubeide_1.4.0/stm32cubeide/plugins/com.st.stm32cube.ide.mcu.externaltools.gnu-tools-for-stm32.7-2018-q2-update.win32_1.5.0.202011040924/tools/bin/../lib/gcc/arm-none-eabi/7.3.1/thumb/v7e-m/fpv4-sp/hard/crtn.o
OUTPUT(NeoPixel_F4.elf elf32-littlearm)

.debug_info     0x0000000000000000     0xa50f
 .debug_info    0x0000000000000000     0x1021 Core/Src/Neopixel/neopixel.o
 .debug_info    0x0000000000001021     0x1931 Core/Src/main.o
 .debug_info    0x0000000000002952      0xa46 Core/Src/stm32f4xx_hal_msp.o
 .debug_info    0x0000000000003398      0x473 Core/Src/stm32f4xx_it.o
 .debug_info    0x000000000000380b      0x554 Core/Src/system_stm32f4xx.o
 .debug_info    0x0000000000003d5f       0x22 Core/Startup/startup_stm32f407vgtx.o
 .debug_info    0x0000000000003d81      0x945 Drivers/STM32F4xx_HAL_Driver/Src/stm32f4xx_hal.o
 .debug_info    0x00000000000046c6      0xe28 Drivers/STM32F4xx_HAL_Driver/Src/stm32f4xx_hal_cortex.o
 .debug_info    0x00000000000054ee      0x968 Drivers/STM32F4xx_HAL_Driver/Src/stm32f4xx_hal_dma.o
 .debug_info    0x0000000000005e56      0x7b5 Drivers/STM32F4xx_HAL_Driver/Src/stm32f4xx_hal_gpio.o
 .debug_info    0x000000000000660b      0x904 Drivers/STM32F4xx_HAL_Driver/Src/stm32f4xx_hal_rcc.o
 .debug_info    0x0000000000006f0f     0x24a9 Drivers/STM32F4xx_HAL_Driver/Src/stm32f4xx_hal_tim.o
 .debug_info    0x00000000000093b8     0x1157 Drivers/STM32F4xx_HAL_Driver/Src/stm32f4xx_hal_tim_ex.o

.debug_abbrev   0x0000000000000000     0x1886
 .debug_abbrev  0x0000000000000000      0x24c Core/Src/Neopixel/neopixel.o
 .debug_abbrev  0x000000000000024c      0x2d1 Core/Src/main.o
 .debug_abbrev  0x000000000000051d      0x19d Core/Src/stm32f4xx_hal_msp.o
 .debug_abbrev  0x00000000000006ba      0x149 Core/Src/stm32f4xx_it.o
 .debug_abbrev  0x0000000000000803      0x12b Core/Src/system_stm32f4xx.o
 .debug_abbrev  0x000000000000092e       0x12 Core/Startup/startup_stm32f407vgtx.o
 .debug_abbrev  0x0000000000000940      0x1c7 Drivers/STM32F4xx_HAL_Driver/Src/stm32f4xx_hal.o
 .debug_abbrev  0x0000000000000b07      0x2fa Drivers/STM32F4xx_HAL_Driver/Src/stm32f4xx_hal_cortex.o
 .debug_abbrev  0x0000000000000e01      0x229 Drivers/STM32F4xx_HAL_Driver/Src/stm32f4xx_hal_dma.o
 .debug_abbrev  0x000000000000102a      0x1c9 Drivers/STM32F4xx_HAL_Driver/Src/stm32f4xx_hal_gpio.o
 .debug_abbrev  0x00000000000011f3      0x245 Drivers/STM32F4xx_HAL_Driver/Src/stm32f4xx_hal_rcc.o
 .debug_abbrev  0x0000000000001438      0x230 Drivers/STM32F4xx_HAL_Driver/Src/stm32f4xx_hal_tim.o
 .debug_abbrev  0x0000000000001668      0x21e Drivers/STM32F4xx_HAL_Driver/Src/stm32f4xx_hal_tim_ex.o

.debug_aranges  0x0000000000000000      0x9f8
 .debug_aranges
                0x0000000000000000       0x38 Core/Src/Neopixel/neopixel.o
 .debug_aranges
                0x0000000000000038       0x60 Core/Src/main.o
 .debug_aranges
                0x0000000000000098       0x38 Core/Src/stm32f4xx_hal_msp.o
 .debug_aranges
                0x00000000000000d0       0x68 Core/Src/stm32f4xx_it.o
 .debug_aranges
                0x0000000000000138       0x28 Core/Src/system_stm32f4xx.o
 .debug_aranges
                0x0000000000000160       0x28 Core/Startup/startup_stm32f407vgtx.o
 .debug_aranges
                0x0000000000000188       0xf0 Drivers/STM32F4xx_HAL_Driver/Src/stm32f4xx_hal.o
 .debug_aranges
                0x0000000000000278      0x118 Drivers/STM32F4xx_HAL_Driver/Src/stm32f4xx_hal_cortex.o
 .debug_aranges
                0x0000000000000390       0x90 Drivers/STM32F4xx_HAL_Driver/Src/stm32f4xx_hal_dma.o
 .debug_aranges
                0x0000000000000420       0x58 Drivers/STM32F4xx_HAL_Driver/Src/stm32f4xx_hal_gpio.o
 .debug_aranges
                0x0000000000000478       0x88 Drivers/STM32F4xx_HAL_Driver/Src/stm32f4xx_hal_rcc.o
 .debug_aranges
                0x0000000000000500      0x3a8 Drivers/STM32F4xx_HAL_Driver/Src/stm32f4xx_hal_tim.o
 .debug_aranges
                0x00000000000008a8      0x150 Drivers/STM32F4xx_HAL_Driver/Src/stm32f4xx_hal_tim_ex.o

.debug_ranges   0x0000000000000000      0x930
 .debug_ranges  0x0000000000000000       0x28 Core/Src/Neopixel/neopixel.o
 .debug_ranges  0x0000000000000028       0x50 Core/Src/main.o
 .debug_ranges  0x0000000000000078       0x28 Core/Src/stm32f4xx_hal_msp.o
 .debug_ranges  0x00000000000000a0       0x58 Core/Src/stm32f4xx_it.o
 .debug_ranges  0x00000000000000f8       0x18 Core/Src/system_stm32f4xx.o
 .debug_ranges  0x0000000000000110       0x20 Core/Startup/startup_stm32f407vgtx.o
 .debug_ranges  0x0000000000000130       0xe0 Drivers/STM32F4xx_HAL_Driver/Src/stm32f4xx_hal.o
 .debug_ranges  0x0000000000000210      0x108 Drivers/STM32F4xx_HAL_Driver/Src/stm32f4xx_hal_cortex.o
 .debug_ranges  0x0000000000000318       0x80 Drivers/STM32F4xx_HAL_Driver/Src/stm32f4xx_hal_dma.o
 .debug_ranges  0x0000000000000398       0x48 Drivers/STM32F4xx_HAL_Driver/Src/stm32f4xx_hal_gpio.o
 .debug_ranges  0x00000000000003e0       0x78 Drivers/STM32F4xx_HAL_Driver/Src/stm32f4xx_hal_rcc.o
 .debug_ranges  0x0000000000000458      0x398 Drivers/STM32F4xx_HAL_Driver/Src/stm32f4xx_hal_tim.o
 .debug_ranges  0x00000000000007f0      0x140 Drivers/STM32F4xx_HAL_Driver/Src/stm32f4xx_hal_tim_ex.o

.debug_macro    0x0000000000000000    0x20ad2
 .debug_macro   0x0000000000000000      0x359 Core/Src/Neopixel/neopixel.o
 .debug_macro   0x0000000000000359      0xa5a Core/Src/Neopixel/neopixel.o
 .debug_macro   0x0000000000000db3      0x28e Core/Src/Neopixel/neopixel.o
 .debug_macro   0x0000000000001041       0x2e Core/Src/Neopixel/neopixel.o
 .debug_macro   0x000000000000106f       0x2f Core/Src/Neopixel/neopixel.o
 .debug_macro   0x000000000000109e       0x22 Core/Src/Neopixel/neopixel.o
 .debug_macro   0x00000000000010c0       0x8e Core/Src/Neopixel/neopixel.o
 .debug_macro   0x000000000000114e       0x51 Core/Src/Neopixel/neopixel.o
 .debug_macro   0x000000000000119f       0xef Core/Src/Neopixel/neopixel.o
 .debug_macro   0x000000000000128e       0x6a Core/Src/Neopixel/neopixel.o
 .debug_macro   0x00000000000012f8      0x1df Core/Src/Neopixel/neopixel.o
 .debug_macro   0x00000000000014d7       0x1c Core/Src/Neopixel/neopixel.o
 .debug_macro   0x00000000000014f3       0x22 Core/Src/Neopixel/neopixel.o
 .debug_macro   0x0000000000001515       0xdf Core/Src/Neopixel/neopixel.o
 .debug_macro   0x00000000000015f4     0x102d Core/Src/Neopixel/neopixel.o
 .debug_macro   0x0000000000002621      0x11f Core/Src/Neopixel/neopixel.o
 .debug_macro   0x0000000000002740    0x15e3c Core/Src/Neopixel/neopixel.o
 .debug_macro   0x000000000001857c       0x43 Core/Src/Neopixel/neopixel.o
 .debug_macro   0x00000000000185bf     0x3659 Core/Src/Neopixel/neopixel.o
 .debug_macro   0x000000000001bc18      0x174 Core/Src/Neopixel/neopixel.o
 .debug_macro   0x000000000001bd8c       0x5a Core/Src/Neopixel/neopixel.o
 .debug_macro   0x000000000001bde6      0x96b Core/Src/Neopixel/neopixel.o
 .debug_macro   0x000000000001c751      0x9fe Core/Src/Neopixel/neopixel.o
 .debug_macro   0x000000000001d14f      0x117 Core/Src/Neopixel/neopixel.o
 .debug_macro   0x000000000001d266      0x13e Core/Src/Neopixel/neopixel.o
 .debug_macro   0x000000000001d3a4       0x27 Core/Src/Neopixel/neopixel.o
 .debug_macro   0x000000000001d3cb      0x174 Core/Src/Neopixel/neopixel.o
 .debug_macro   0x000000000001d53f      0x287 Core/Src/Neopixel/neopixel.o
 .debug_macro   0x000000000001d7c6       0x5f Core/Src/Neopixel/neopixel.o
 .debug_macro   0x000000000001d825      0x236 Core/Src/Neopixel/neopixel.o
 .debug_macro   0x000000000001da5b      0x12c Core/Src/Neopixel/neopixel.o
 .debug_macro   0x000000000001db87      0x21e Core/Src/Neopixel/neopixel.o
 .debug_macro   0x000000000001dda5       0x2e Core/Src/Neopixel/neopixel.o
 .debug_macro   0x000000000001ddd3      0x11a Core/Src/Neopixel/neopixel.o
 .debug_macro   0x000000000001deed       0x7e Core/Src/Neopixel/neopixel.o
 .debug_macro   0x000000000001df6b       0x89 Core/Src/Neopixel/neopixel.o
 .debug_macro   0x000000000001dff4      0x8a0 Core/Src/Neopixel/neopixel.o
 .debug_macro   0x000000000001e894       0x47 Core/Src/Neopixel/neopixel.o
 .debug_macro   0x000000000001e8db      0x12d Core/Src/Neopixel/neopixel.o
 .debug_macro   0x000000000001ea08       0x46 Core/Src/Neopixel/neopixel.o
 .debug_macro   0x000000000001ea4e       0x18 Core/Src/Neopixel/neopixel.o
 .debug_macro   0x000000000001ea66       0x3c Core/Src/Neopixel/neopixel.o
 .debug_macro   0x000000000001eaa2       0x34 Core/Src/Neopixel/neopixel.o
 .debug_macro   0x000000000001ead6       0x16 Core/Src/Neopixel/neopixel.o
 .debug_macro   0x000000000001eaec       0x35 Core/Src/Neopixel/neopixel.o
 .debug_macro   0x000000000001eb21      0x32a Core/Src/Neopixel/neopixel.o
 .debug_macro   0x000000000001ee4b       0x10 Core/Src/Neopixel/neopixel.o
 .debug_macro   0x000000000001ee5b       0x52 Core/Src/Neopixel/neopixel.o
 .debug_macro   0x000000000001eead       0x1f Core/Src/Neopixel/neopixel.o
 .debug_macro   0x000000000001eecc       0x43 Core/Src/Neopixel/neopixel.o
 .debug_macro   0x000000000001ef0f       0x20 Core/Src/Neopixel/neopixel.o
 .debug_macro   0x000000000001ef2f      0x1a3 Core/Src/Neopixel/neopixel.o
 .debug_macro   0x000000000001f0d2       0x10 Core/Src/Neopixel/neopixel.o
 .debug_macro   0x000000000001f0e2       0x1c Core/Src/Neopixel/neopixel.o
 .debug_macro   0x000000000001f0fe       0x52 Core/Src/Neopixel/neopixel.o
 .debug_macro   0x000000000001f150       0x40 Core/Src/Neopixel/neopixel.o
 .debug_macro   0x000000000001f190       0x10 Core/Src/Neopixel/neopixel.o
 .debug_macro   0x000000000001f1a0       0x40 Core/Src/Neopixel/neopixel.o
 .debug_macro   0x000000000001f1e0       0xd7 Core/Src/Neopixel/neopixel.o
 .debug_macro   0x000000000001f2b7       0x1c Core/Src/Neopixel/neopixel.o
 .debug_macro   0x000000000001f2d3       0x3d Core/Src/Neopixel/neopixel.o
 .debug_macro   0x000000000001f310       0x16 Core/Src/Neopixel/neopixel.o
 .debug_macro   0x000000000001f326      0x145 Core/Src/Neopixel/neopixel.o
 .debug_macro   0x000000000001f46b       0x16 Core/Src/Neopixel/neopixel.o
 .debug_macro   0x000000000001f481       0x20 Core/Src/Neopixel/neopixel.o
 .debug_macro   0x000000000001f4a1       0x1c Core/Src/Neopixel/neopixel.o
 .debug_macro   0x000000000001f4bd      0x36e Core/Src/main.o
 .debug_macro   0x000000000001f82b       0x10 Core/Src/main.o
 .debug_macro   0x000000000001f83b      0x1d3 Core/Src/stm32f4xx_hal_msp.o
 .debug_macro   0x000000000001fa0e      0x1dd Core/Src/stm32f4xx_it.o
 .debug_macro   0x000000000001fbeb      0x1ca Core/Src/system_stm32f4xx.o
 .debug_macro   0x000000000001fdb5      0x224 Drivers/STM32F4xx_HAL_Driver/Src/stm32f4xx_hal.o
 .debug_macro   0x000000000001ffd9      0x1c4 Drivers/STM32F4xx_HAL_Driver/Src/stm32f4xx_hal_cortex.o
 .debug_macro   0x000000000002019d      0x1ca Drivers/STM32F4xx_HAL_Driver/Src/stm32f4xx_hal_dma.o
 .debug_macro   0x0000000000020367      0x1fa Drivers/STM32F4xx_HAL_Driver/Src/stm32f4xx_hal_gpio.o
 .debug_macro   0x0000000000020561      0x1e8 Drivers/STM32F4xx_HAL_Driver/Src/stm32f4xx_hal_rcc.o
 .debug_macro   0x0000000000020749      0x1c5 Drivers/STM32F4xx_HAL_Driver/Src/stm32f4xx_hal_tim.o
 .debug_macro   0x000000000002090e      0x1c4 Drivers/STM32F4xx_HAL_Driver/Src/stm32f4xx_hal_tim_ex.o

.debug_line     0x0000000000000000     0x7c82
 .debug_line    0x0000000000000000      0x968 Core/Src/Neopixel/neopixel.o
 .debug_line    0x0000000000000968      0x9e1 Core/Src/main.o
 .debug_line    0x0000000000001349      0x713 Core/Src/stm32f4xx_hal_msp.o
 .debug_line    0x0000000000001a5c      0x763 Core/Src/stm32f4xx_it.o
 .debug_line    0x00000000000021bf      0x6c4 Core/Src/system_stm32f4xx.o
 .debug_line    0x0000000000002883       0x85 Core/Startup/startup_stm32f407vgtx.o
 .debug_line    0x0000000000002908      0x8ae Drivers/STM32F4xx_HAL_Driver/Src/stm32f4xx_hal.o
 .debug_line    0x00000000000031b6      0x9d2 Drivers/STM32F4xx_HAL_Driver/Src/stm32f4xx_hal_cortex.o
 .debug_line    0x0000000000003b88      0x97c Drivers/STM32F4xx_HAL_Driver/Src/stm32f4xx_hal_dma.o
 .debug_line    0x0000000000004504      0x88d Drivers/STM32F4xx_HAL_Driver/Src/stm32f4xx_hal_gpio.o
 .debug_line    0x0000000000004d91      0x906 Drivers/STM32F4xx_HAL_Driver/Src/stm32f4xx_hal_rcc.o
 .debug_line    0x0000000000005697     0x1927 Drivers/STM32F4xx_HAL_Driver/Src/stm32f4xx_hal_tim.o
 .debug_line    0x0000000000006fbe      0xcc4 Drivers/STM32F4xx_HAL_Driver/Src/stm32f4xx_hal_tim_ex.o

.debug_str      0x0000000000000000    0xc7655
 .debug_str     0x0000000000000000    0xc48c9 Core/Src/Neopixel/neopixel.o
                                      0xc4c41 (size before relaxing)
 .debug_str     0x00000000000c48c9      0xa21 Core/Src/main.o
                                      0xc559f (size before relaxing)
 .debug_str     0x00000000000c52ea       0x76 Core/Src/stm32f4xx_hal_msp.o
                                      0xc0bbd (size before relaxing)
 .debug_str     0x00000000000c5360       0xd5 Core/Src/stm32f4xx_it.o
                                      0xc089f (size before relaxing)
 .debug_str     0x00000000000c5435       0xc4 Core/Src/system_stm32f4xx.o
                                      0xc06f9 (size before relaxing)
 .debug_str     0x00000000000c54f9       0x36 Core/Startup/startup_stm32f407vgtx.o
                                         0x59 (size before relaxing)
 .debug_str     0x00000000000c552f      0x58d Drivers/STM32F4xx_HAL_Driver/Src/stm32f4xx_hal.o
                                      0xc11c6 (size before relaxing)
 .debug_str     0x00000000000c5abc      0x39e Drivers/STM32F4xx_HAL_Driver/Src/stm32f4xx_hal_cortex.o
                                      0xc0fb5 (size before relaxing)
 .debug_str     0x00000000000c5e5a      0x325 Drivers/STM32F4xx_HAL_Driver/Src/stm32f4xx_hal_dma.o
                                      0xc0b0e (size before relaxing)
 .debug_str     0x00000000000c617f      0x208 Drivers/STM32F4xx_HAL_Driver/Src/stm32f4xx_hal_gpio.o
                                      0xc0938 (size before relaxing)
 .debug_str     0x00000000000c6387      0x259 Drivers/STM32F4xx_HAL_Driver/Src/stm32f4xx_hal_rcc.o
                                      0xc0ae6 (size before relaxing)
 .debug_str     0x00000000000c65e0      0xc67 Drivers/STM32F4xx_HAL_Driver/Src/stm32f4xx_hal_tim.o
                                      0xc1805 (size before relaxing)
 .debug_str     0x00000000000c7247      0x40e Drivers/STM32F4xx_HAL_Driver/Src/stm32f4xx_hal_tim_ex.o
                                      0xc1005 (size before relaxing)

.comment        0x0000000000000000       0x7b
 .comment       0x0000000000000000       0x7b Core/Src/Neopixel/neopixel.o
                                         0x7c (size before relaxing)
 .comment       0x000000000000007b       0x7c Core/Src/main.o
 .comment       0x000000000000007b       0x7c Core/Src/stm32f4xx_hal_msp.o
 .comment       0x000000000000007b       0x7c Core/Src/stm32f4xx_it.o
 .comment       0x000000000000007b       0x7c Core/Src/system_stm32f4xx.o
 .comment       0x000000000000007b       0x7c Drivers/STM32F4xx_HAL_Driver/Src/stm32f4xx_hal.o
 .comment       0x000000000000007b       0x7c Drivers/STM32F4xx_HAL_Driver/Src/stm32f4xx_hal_cortex.o
 .comment       0x000000000000007b       0x7c Drivers/STM32F4xx_HAL_Driver/Src/stm32f4xx_hal_dma.o
 .comment       0x000000000000007b       0x7c Drivers/STM32F4xx_HAL_Driver/Src/stm32f4xx_hal_gpio.o
 .comment       0x000000000000007b       0x7c Drivers/STM32F4xx_HAL_Driver/Src/stm32f4xx_hal_rcc.o
 .comment       0x000000000000007b       0x7c Drivers/STM32F4xx_HAL_Driver/Src/stm32f4xx_hal_tim.o
 .comment       0x000000000000007b       0x7c Drivers/STM32F4xx_HAL_Driver/Src/stm32f4xx_hal_tim_ex.o

.debug_frame    0x0000000000000000     0x28fc
 .debug_frame   0x0000000000000000       0xa8 Core/Src/Neopixel/neopixel.o
 .debug_frame   0x00000000000000a8      0x144 Core/Src/main.o
 .debug_frame   0x00000000000001ec       0xa4 Core/Src/stm32f4xx_hal_msp.o
 .debug_frame   0x0000000000000290      0x120 Core/Src/stm32f4xx_it.o
 .debug_frame   0x00000000000003b0       0x58 Core/Src/system_stm32f4xx.o
 .debug_frame   0x0000000000000408      0x374 Drivers/STM32F4xx_HAL_Driver/Src/stm32f4xx_hal.o
 .debug_frame   0x000000000000077c      0x498 Drivers/STM32F4xx_HAL_Driver/Src/stm32f4xx_hal_cortex.o
 .debug_frame   0x0000000000000c14      0x250 Drivers/STM32F4xx_HAL_Driver/Src/stm32f4xx_hal_dma.o
 .debug_frame   0x0000000000000e64      0x14c Drivers/STM32F4xx_HAL_Driver/Src/stm32f4xx_hal_gpio.o
 .debug_frame   0x0000000000000fb0      0x1f0 Drivers/STM32F4xx_HAL_Driver/Src/stm32f4xx_hal_rcc.o
 .debug_frame   0x00000000000011a0     0x10f0 Drivers/STM32F4xx_HAL_Driver/Src/stm32f4xx_hal_tim.o
 .debug_frame   0x0000000000002290      0x5c0 Drivers/STM32F4xx_HAL_Driver/Src/stm32f4xx_hal_tim_ex.o
 .debug_frame   0x0000000000002850       0x2c c:/st/stm32cubeide_1.4.0/stm32cubeide/plugins/com.st.stm32cube.ide.mcu.externaltools.gnu-tools-for-stm32.7-2018-q2-update.win32_1.5.0.202011040924/tools/bin/../lib/gcc/arm-none-eabi/7.3.1/../../../../arm-none-eabi/lib/thumb/v7e-m/fpv4-sp/hard\libc_nano.a(lib_a-init.o)
 .debug_frame   0x000000000000287c       0x20 c:/st/stm32cubeide_1.4.0/stm32cubeide/plugins/com.st.stm32cube.ide.mcu.externaltools.gnu-tools-for-stm32.7-2018-q2-update.win32_1.5.0.202011040924/tools/bin/../lib/gcc/arm-none-eabi/7.3.1/../../../../arm-none-eabi/lib/thumb/v7e-m/fpv4-sp/hard\libc_nano.a(lib_a-memset.o)
 .debug_frame   0x000000000000289c       0x2c c:/st/stm32cubeide_1.4.0/stm32cubeide/plugins/com.st.stm32cube.ide.mcu.externaltools.gnu-tools-for-stm32.7-2018-q2-update.win32_1.5.0.202011040924/tools/bin/../lib/gcc/arm-none-eabi/7.3.1/thumb/v7e-m/fpv4-sp/hard\libgcc.a(_aeabi_uldivmod.o)
 .debug_frame   0x00000000000028c8       0x34 c:/st/stm32cubeide_1.4.0/stm32cubeide/plugins/com.st.stm32cube.ide.mcu.externaltools.gnu-tools-for-stm32.7-2018-q2-update.win32_1.5.0.202011040924/tools/bin/../lib/gcc/arm-none-eabi/7.3.1/thumb/v7e-m/fpv4-sp/hard\libgcc.a(_udivmoddi4.o)
